// Jest Snapshot v1, https://goo.gl/fbAQLP

exports[`modifyObjcAppDelegate modifies the AppDelegate.m 1`] = `
"#import \\"AppDelegate.h\\"
@import Firebase;

#import <React/RCTBridge.h>
#import <React/RCTBundleURLProvider.h>
#import <React/RCTRootView.h>
#import <React/RCTLinkingManager.h>

@interface AppDelegate () <RCTBridgeDelegate>

@property (nonatomic, strong) UMModuleRegistryAdapter *moduleRegistryAdapter;
@property (nonatomic, strong) NSDictionary *launchOptions;

@end

@implementation AppDelegate

- (BOOL)application:(UIApplication *)application didFinishLaunchingWithOptions:(NSDictionary *)launchOptions
{
#if defined(FB_SONARKIT_ENABLED) && __has_include(<FlipperKit/FlipperClient.h>)
  InitializeFlipper(application);
#endif
  
  [FIRApp configure];
self.moduleRegistryAdapter = [[UMModuleRegistryAdapter alloc] initWithModuleRegistryProvider:[[UMModuleRegistryProvider alloc] init]];
  self.launchOptions = launchOptions;
  self.window = [[UIWindow alloc] initWithFrame:[UIScreen mainScreen].bounds];
  #ifdef DEBUG
    [self initializeReactNativeApp];
  #else
    EXUpdatesAppController *controller = [EXUpdatesAppController sharedInstance];
    controller.delegate = self;
    [controller startAndShowLaunchScreen:self.window];
  #endif

  [super application:application didFinishLaunchingWithOptions:launchOptions];

  return YES;
}

@end"
`;
