// Jest Snapshot v1, https://goo.gl/fbAQLP

exports[`setGradleMaven modifies the build.gradle 1`] = `
"
buildscript {
    ext {
        buildToolsVersion = \\"29.0.2\\"
        minSdkVersion = 21
        compileSdkVersion = 29
        targetSdkVersion = 29
    }
    repositories {
        google()
        jcenter()
    }
    dependencies {
        classpath(\\"com.android.tools.build:gradle:3.5.3\\")
    }
}

allprojects {
    repositories {
        mavenLocal()
        maven {
            url(\\"$rootDir/../node_modules/react-native/android\\")
        }
        maven {
            url(\\"$rootDir/../node_modules/jsc-android/dist\\")
        }
        google()
        jcenter()
        maven { url 'https://www.jitpack.io' }
    }
}

allprojects { repositories { maven { url \\"$rootDir/../node_modules/expo-camera/android/maven\\" } } }
"
`;
